I'm sorry, but errors were detected in your script. Please correct the
errors listed below, and try again.


File "game/days/dayONE.rpy", line 283: expected end of line
    play music minigame "audio/Minigame.mp3"
                        ^

Ren'Py Version: Ren'Py 7.4.4.1439
Wed Jun 16 18:03:21 2021
